KleioTranslator - server version 10.14 - build 414 (MHK: 2056/master) (2021-10-09 20:15:18, MHK: 29/03/2022 18:13 )
29-3-2022 10-18

Processing data file dev1692.cli
-------------------------------------------
Generic Act translation module with geoentities (XML).
     Joaquim Ramos de Carvalho (joaquim@uc.pt) 
** New document: kleio
=========================
kleio translation started
=========================
Structure: gacto2.str
Prefix: 
Autorel: 
Translation count: 23
Obs: 
** Processing source fonte$visita1692

WARNING: dev1692.cli line 3 * Warning: Filename should match source Id to avoid errors. File: dev1692 Id: visita1692.
Near lines: 3 
Near lines: 4       devassa$dev1692/10/4/1692/visdor=manuel joao%doutor#cargo: desembargador da relacao episcopal/fol=fol?/obs= paroco luis alvaro pinto a visita e' feita na igreja da misericordia em varios dias. Continua em 13 de Abril de 1692 Continua em 15 de Abril de 1692 (a partir da testemunha 33 inc.) Continua em 16 de Abril de 1692 (a partir da testemunha 45 inc.) continua em 17 de Abril de 1692 (a partir da testemunha 62 inc.) continua em 18 de Abril de 1692 (a partir da testemunha 74 inc.) continua em 19 de abril de 1692 (a partir da testemunha 83 inc.)

6: devassa$dev1692
*** End of File


** Processed file- /kleio-home/sources/demo_sources/soure/devassas/dev1692.cli
** Original file- /kleio-home/sources/demo_sources/soure/devassas/dev1692.org
** Previous version- /kleio-home/sources/demo_sources/soure/devassas/dev1692.old
** Temp file with ids- /kleio-home/sources/demo_sources/soure/devassas/dev1692.ids
0  errors. 
1  warnings.
Translation finished.
