KleioTranslator - server version 10.14 - build 414 (MHK: 2056/master) (2021-10-09 20:15:18, MHK: 29/03/2022 18:13 )
29-3-2022 10-18

Processing data file c1719.cli
-------------------------------------------
Generic Act translation module with geoentities (XML).
     Joaquim Ramos de Carvalho (joaquim@uc.pt) 
** New document: kleio
=========================
kleio translation started
=========================
Structure: gacto.str
Prefix: 
Autorel: 
Translation count: 5
Obs: 
** Processing source fonte$casamentos 1719

WARNING: c1719.cli line 3 * Warning: Filename should match source Id to avoid errors. File: c1719 Id: casamentos 1719.
Near lines: 3 
Near lines: 4       cas$c1719.1/23/1/1719/igreja matriz/manuel duarte

6: cas$c1719.1
36: cas$c1719.2
65: cas$c1719.3
100: cas$c1719.4
130: cas$c1719.5
158: cas$c1719.6
194: cas$c1719.7
226: cas$c1719.8
259: cas$c1719.9
290: cas$c1719.10
326: cas$c1719.11
357: cas$c1719.12
385: cas$c1719.13
414: cas$c1719.14
465: cas$c1719.15
499: cas$c1719.16
532: cas$c1719.17
579: cas$c1719.18
606: cas$c1719.19
636: cas$c1719.20
666: cas$c1719.21
702: cas$c1719.22
740: cas$c1719.23
773: cas$c1719.24
*** End of File


** Processed file- /kleio-home/sources/demo_sources/soure/casamentos/c1719.cli
** Original file- /kleio-home/sources/demo_sources/soure/casamentos/c1719.org
** Previous version- /kleio-home/sources/demo_sources/soure/casamentos/c1719.old
** Temp file with ids- /kleio-home/sources/demo_sources/soure/casamentos/c1719.ids
0  errors. 
1  warnings.
Translation finished.
