KleioTranslator - server version 10.14 - build 414 (MHK: 2056/master) (2021-10-09 20:15:18, MHK: 29/03/2022 18:13 )
29-3-2022 10-18

Processing data file Xpto.cli
-------------------------------------------
Generic Act translation module with geoentities (XML).
     Joaquim Ramos de Carvalho (joaquim@uc.pt) 
** New document: kleio
=========================
kleio translation started
=========================
Structure: gacto2.str
Prefix: 
Autorel: 
Translation count: 9
Obs: 
** Processing source fonte$cxpto-36-334

WARNING: Xpto.cli line 3 * Warning: Filename should match source Id to avoid errors. File: Xpto Id: cxpto-36-334.
Near lines: 3 
Near lines: 4       chanc$xptoliv75-201v/2/8/1696/201v

6: chanc$xptoliv75-201v
*** End of File


** Processed file- /kleio-home/sources/demo_sources/soure/chancelarias/Xpto.cli
** Original file- /kleio-home/sources/demo_sources/soure/chancelarias/Xpto.org
** Previous version- /kleio-home/sources/demo_sources/soure/chancelarias/Xpto.old
** Temp file with ids- /kleio-home/sources/demo_sources/soure/chancelarias/Xpto.ids
0  errors. 
1  warnings.
Translation finished.
